08-10 18:57:26.855  24294-26210/com.quickblox.sample.videochatwebrtcnew D/MsgProcessor﹕ Received ice candidate:audio 0 candidate:1338112050
08-10 18:57:26.855  24294-26210/com.quickblox.sample.videochatwebrtcnew D/MsgProcessor﹕ notify candidates received
08-10 18:57:26.855  24294-26210/com.quickblox.sample.videochatwebrtcnew D/LooperExecutor﹕ Request Looper execute.
08-10 18:57:26.855  24294-26210/com.quickblox.sample.videochatwebrtcnew D/LooperExecutor﹕ POST.Run on thread:1058
08-10 18:57:26.855  24294-26211/com.quickblox.sample.videochatwebrtcnew D/RTCClient﹕ IceCandidate message received
08-10 18:57:26.855  24294-26211/com.quickblox.sample.videochatwebrtcnew D/RTCClient.QBRTCSession﹕ process ice candidates
08-10 18:57:26.855  24294-26211/com.quickblox.sample.videochatwebrtcnew D/LooperExecutor﹕ Request Looper execute.
08-10 18:57:26.855  24294-26211/com.quickblox.sample.videochatwebrtcnew D/LooperExecutor﹕ POST.Run on thread:1070
08-10 18:57:26.856  24294-27428/com.quickblox.sample.videochatwebrtcnew D/RTCClient.QBPeerChannel﹕ Set iceCandidates in count of: 1
08-10 18:57:26.989  24294-26209/com.quickblox.sample.videochatwebrtcnew D/SMACK﹕ RCV (0): <message id="1439222245767" from="2436266-92@chat.quickblox.com/64f34573042bc6a2" to="2436269-92@chat.quickblox.com" type="headline" xmlns="jabber:client"><extraParams xmlns="jabber:client"><platform>android</platform><sessionID>2cfae42b-e2ad-415c-87e9-569f98eeea33</sessionID><callerID>2436265</callerID><signalType>iceCandidates</signalType><moduleIdentifier>WebRTCVideoChat</moduleIdentifier><version_sdk>2.1</version_sdk><callType>1</callType><iceCandidates><iceCandidate><sdpMLineIndex>0</sdpMLineIndex><sdpMid>audio</sdpMid><candidate>candidate:4149378326 1 udp 1686052607 82.117.252.236 32828 typ srflx raddr 192.168.1.79 rport 32828 generation 0</candidate></iceCandidate></iceCandidates><opponentsIDs><opponentID>2436266</opponentID><opponentID>2436269</opponentID></opponentsIDs></extraParams></message>
08-10 18:57:26.989  24294-26210/com.quickblox.sample.videochatwebrtcnew D/QBRTCSessionDescription﹕ Was created QBRTCSessionDescription{sessionID='2cfae42b-e2ad-415c-87e9-569f98eeea33', callerID='2436265', opponents=[2436266, 2436269], conferenceType=QBConferenceType{value='1'}, userInfo={}}
08-10 18:57:26.989  24294-26210/com.quickblox.sample.videochatwebrtcnew D/MsgProcessor﹕ Received ice candidate:audio 0 candidate:4149378326
08-10 18:57:26.989  24294-26210/com.quickblox.sample.videochatwebrtcnew D/MsgProcessor﹕ notify candidates received
08-10 18:57:26.989  24294-26210/com.quickblox.sample.videochatwebrtcnew D/LooperExecutor﹕ Request Looper execute.
08-10 18:57:26.989  24294-26210/com.quickblox.sample.videochatwebrtcnew D/LooperExecutor﹕ POST.Run on thread:1058
08-10 18:57:26.989  24294-26211/com.quickblox.sample.videochatwebrtcnew D/RTCClient﹕ IceCandidate message received
08-10 18:57:26.989  24294-26211/com.quickblox.sample.videochatwebrtcnew D/RTCClient.QBRTCSession﹕ process ice candidates
08-10 18:57:26.989  24294-26211/com.quickblox.sample.videochatwebrtcnew D/LooperExecutor﹕ Request Looper execute.
08-10 18:57:26.990  24294-26211/com.quickblox.sample.videochatwebrtcnew D/LooperExecutor﹕ POST.Run on thread:1070
08-10 18:57:26.990  24294-27428/com.quickblox.sample.videochatwebrtcnew D/RTCClient.QBPeerChannel﹕ Set iceCandidates in count of: 1
08-10 18:57:27.121  24294-26209/com.quickblox.sample.videochatwebrtcnew D/SMACK﹕ RCV (0): <message id="1439222245768" from="2436266-92@chat.quickblox.com/64f34573042bc6a2" to="2436269-92@chat.quickblox.com" type="headline" xmlns="jabber:client"><extraParams xmlns="jabber:client"><platform>android</platform><sessionID>2cfae42b-e2ad-415c-87e9-569f98eeea33</sessionID><callerID>2436265</callerID><signalType>iceCandidates</signalType><moduleIdentifier>WebRTCVideoChat</moduleIdentifier><version_sdk>2.1</version_sdk><callType>1</callType><iceCandidates><iceCandidate><sdpMLineIndex>1</sdpMLineIndex><sdpMid>video</sdpMid><candidate>candidate:1338112050 1 tcp 1518280447 192.168.1.79 33800 typ host tcptype passive generation 0</candidate></iceCandidate></iceCandidates><opponentsIDs><opponentID>2436266</opponentID><opponentID>2436269</opponentID></opponentsIDs></extraParams></message>
08-10 18:57:27.122  24294-26210/com.quickblox.sample.videochatwebrtcnew D/QBRTCSessionDescription﹕ Was created QBRTCSessionDescription{sessionID='2cfae42b-e2ad-415c-87e9-569f98eeea33', callerID='2436265', opponents=[2436266, 2436269], conferenceType=QBConferenceType{value='1'}, userInfo={}}
08-10 18:57:27.122  24294-26210/com.quickblox.sample.videochatwebrtcnew D/MsgProcessor﹕ Received ice candidate:video 1 candidate:1338112050
08-10 18:57:27.122  24294-26210/com.quickblox.sample.videochatwebrtcnew D/MsgProcessor﹕ notify candidates received
08-10 18:57:27.122  24294-26210/com.quickblox.sample.videochatwebrtcnew D/LooperExecutor﹕ Request Looper execute.
08-10 18:57:27.122  24294-26210/com.quickblox.sample.videochatwebrtcnew D/LooperExecutor﹕ POST.Run on thread:1058
08-10 18:57:27.123  24294-26211/com.quickblox.sample.videochatwebrtcnew D/RTCClient﹕ IceCandidate message received
08-10 18:57:27.123  24294-26211/com.quickblox.sample.videochatwebrtcnew D/RTCClient.QBRTCSession﹕ process ice candidates
08-10 18:57:27.123  24294-26211/com.quickblox.sample.videochatwebrtcnew D/LooperExecutor﹕ Request Looper execute.
08-10 18:57:27.123  24294-26211/com.quickblox.sample.videochatwebrtcnew D/LooperExecutor﹕ POST.Run on thread:1070
08-10 18:57:27.123  24294-27428/com.quickblox.sample.videochatwebrtcnew D/RTCClient.QBPeerChannel﹕ Set iceCandidates in count of: 1
08-10 18:57:27.171  24294-27545/com.quickblox.sample.videochatwebrtcnew V/VideoCapturerAndroid﹕ Camera is running out of capture buffers. Pending buffers: [ 22260479 22260513 22260547]
08-10 18:57:27.174  24294-27545/com.quickblox.sample.videochatwebrtcnew V/VideoCapturerAndroid﹕ Frame returned when camera is running out of capture buffers for TS 22260513
08-10 18:57:27.174  24294-27462/com.quickblox.sample.videochatwebrtcnew D/QBASDK﹕ QBGLVideoView
08-10 18:57:27.256  24294-26209/com.quickblox.sample.videochatwebrtcnew D/SMACK﹕ RCV (0): <message id="1439222245769" from="2436266-92@chat.quickblox.com/64f34573042bc6a2" to="2436269-92@chat.quickblox.com" type="headline" xmlns="jabber:client"><extraParams xmlns="jabber:client"><platform>android</platform><sessionID>2cfae42b-e2ad-415c-87e9-569f98eeea33</sessionID><callerID>2436265</callerID><signalType>iceCandidates</signalType><moduleIdentifier>WebRTCVideoChat</moduleIdentifier><version_sdk>2.1</version_sdk><callType>1</callType><iceCandidates><iceCandidate><sdpMLineIndex>1</sdpMLineIndex><sdpMid>video</sdpMid><candidate>candidate:4149378326 1 udp 1686052607 82.117.252.236 32828 typ srflx raddr 192.168.1.79 rport 32828 generation 0</candidate></iceCandidate></iceCandidates><opponentsIDs><opponentID>2436266</opponentID><opponentID>2436269</opponentID></opponentsIDs></extraParams></message>
08-10 18:57:27.256  24294-26210/com.quickblox.sample.videochatwebrtcnew D/QBRTCSessionDescription﹕ Was created QBRTCSessionDescription{sessionID='2cfae42b-e2ad-415c-87e9-569f98eeea33', callerID='2436265', opponents=[2436266, 2436269], conferenceType=QBConferenceType{value='1'}, userInfo={}}
08-10 18:57:27.256  24294-26210/com.quickblox.sample.videochatwebrtcnew D/MsgProcessor﹕ Received ice candidate:video 1 candidate:4149378326
08-10 18:57:27.257  24294-26210/com.quickblox.sample.videochatwebrtcnew D/MsgProcessor﹕ notify candidates received
08-10 18:57:27.257  24294-26210/com.quickblox.sample.videochatwebrtcnew D/LooperExecutor﹕ Request Looper execute.
08-10 18:57:27.257  24294-26210/com.quickblox.sample.videochatwebrtcnew D/LooperExecutor﹕ POST.Run on thread:1058
08-10 18:57:27.257  24294-26211/com.quickblox.sample.videochatwebrtcnew D/RTCClient﹕ IceCandidate message received
08-10 18:57:27.257  24294-26211/com.quickblox.sample.videochatwebrtcnew D/RTCClient.QBRTCSession﹕ process ice candidates
08-10 18:57:27.257  24294-26211/com.quickblox.sample.videochatwebrtcnew D/LooperExecutor﹕ Request Looper execute.
08-10 18:57:27.257  24294-26211/com.quickblox.sample.videochatwebrtcnew D/LooperExecutor﹕ POST.Run on thread:1070
08-10 18:57:27.257  24294-27428/com.quickblox.sample.videochatwebrtcnew D/RTCClient.QBPeerChannel﹕ Set iceCandidates in count of: 1
08-10 18:57:28.167  24294-27545/com.quickblox.sample.videochatwebrtcnew V/VideoCapturerAndroid﹕ Camera is running out of capture buffers. Pending buffers: [ 22261509 22261477 22261543]
08-10 18:57:28.219  24294-27462/com.quickblox.sample.videochatwebrtcnew D/QBASDK﹕ QBGLVideoView
08-10 18:57:28.226  24294-27545/com.quickblox.sample.videochatwebrtcnew V/VideoCapturerAndroid﹕ Frame returned when camera is running out of capture buffers for TS 22261477
08-10 18:57:28.235  24294-27545/com.quickblox.sample.videochatwebrtcnew V/VideoCapturerAndroid﹕ Camera is running out of capture buffers. Pending buffers: [ 22261509 22261610 22261543]
08-10 18:57:28.240  24294-27545/com.quickblox.sample.videochatwebrtcnew V/VideoCapturerAndroid﹕ Frame returned when camera is running out of capture buffers for TS 22261543
08-10 18:57:28.332  24294-27545/com.quickblox.sample.videochatwebrtcnew V/VideoCapturerAndroid﹕ Camera is running out of capture buffers. Pending buffers: [ 22261675 22261709 22261640]
08-10 18:57:28.336  24294-27545/com.quickblox.sample.videochatwebrtcnew V/VideoCapturerAndroid﹕ Frame returned when camera is running out of capture buffers for TS 22261675
08-10 18:57:28.615  24294-26209/com.quickblox.sample.videochatwebrtcnew D/SMACK﹕ RCV (0): <message id="1439222245870" from="2436266-92@chat.quickblox.com/64f34573042bc6a2" to="2436269-92@chat.quickblox.com" type="headline" xmlns="jabber:client"><extraParams xmlns="jabber:client"><platform>android</platform><sessionID>2cfae42b-e2ad-415c-87e9-569f98eeea33</sessionID><callerID>2436265</callerID><signalType>iceCandidates</signalType><moduleIdentifier>WebRTCVideoChat</moduleIdentifier><version_sdk>2.1</version_sdk><callType>1</callType><iceCandidates><iceCandidate><sdpMLineIndex>0</sdpMLineIndex><sdpMid>audio</sdpMid><candidate>candidate:49961888 1 udp 41885695 52.4.182.101 61166 typ relay raddr 82.117.252.236 rport 32828 generation 0</candidate></iceCandidate></iceCandidates><opponentsIDs><opponentID>2436266</opponentID><opponentID>2436269</opponentID></opponentsIDs></extraParams></message>
08-10 18:57:28.616  24294-26210/com.quickblox.sample.videochatwebrtcnew D/QBRTCSessionDescription﹕ Was created QBRTCSessionDescription{sessionID='2cfae42b-e2ad-415c-87e9-569f98eeea33', callerID='2436265', opponents=[2436266, 2436269], conferenceType=QBConferenceType{value='1'}, userInfo={}}
08-10 18:57:28.616  24294-26210/com.quickblox.sample.videochatwebrtcnew D/MsgProcessor﹕ Received ice candidate:audio 0 candidate:49961888 1
08-10 18:57:28.616  24294-26210/com.quickblox.sample.videochatwebrtcnew D/MsgProcessor﹕ notify candidates received
08-10 18:57:28.616  24294-26210/com.quickblox.sample.videochatwebrtcnew D/LooperExecutor﹕ Request Looper execute.
08-10 18:57:28.616  24294-26210/com.quickblox.sample.videochatwebrtcnew D/LooperExecutor﹕ POST.Run on thread:1058
08-10 18:57:28.616  24294-26211/com.quickblox.sample.videochatwebrtcnew D/RTCClient﹕ IceCandidate message received
08-10 18:57:28.616  24294-26211/com.quickblox.sample.videochatwebrtcnew D/RTCClient.QBRTCSession﹕ process ice candidates
08-10 18:57:28.616  24294-26211/com.quickblox.sample.videochatwebrtcnew D/LooperExecutor﹕ Request Looper execute.
08-10 18:57:28.617  24294-26211/com.quickblox.sample.videochatwebrtcnew D/LooperExecutor﹕ POST.Run on thread:1070
08-10 18:57:28.617  24294-27428/com.quickblox.sample.videochatwebrtcnew D/RTCClient.QBPeerChannel﹕ Set iceCandidates in count of: 1
08-10 18:57:28.636  24294-27545/com.quickblox.sample.videochatwebrtcnew V/VideoCapturerAndroid﹕ Camera is running out of capture buffers. Pending buffers: [ 22262012 22261976 22261943]
08-10 18:57:28.649  24294-27545/com.quickblox.sample.videochatwebrtcnew V/VideoCapturerAndroid﹕ Frame returned when camera is running out of capture buffers for TS 22261943
08-10 18:57:28.664  24294-27545/com.quickblox.sample.videochatwebrtcnew V/VideoCapturerAndroid﹕ Camera is running out of capture buffers. Pending buffers: [ 22262012 22261976 22262041]
08-10 18:57:28.672  24294-27545/com.quickblox.sample.videochatwebrtcnew V/VideoCapturerAndroid﹕ Frame returned when camera is running out of capture buffers for TS 22262012
08-10 18:57:28.749  24294-26209/com.quickblox.sample.videochatwebrtcnew D/SMACK﹕ RCV (0): <message id="1439222245874" from="2436266-92@chat.quickblox.com/64f34573042bc6a2" to="2436269-92@chat.quickblox.com" type="headline" xmlns="jabber:client"><extraParams xmlns="jabber:client"><platform>android</platform><sessionID>2cfae42b-e2ad-415c-87e9-569f98eeea33</sessionID><callerID>2436265</callerID><signalType>iceCandidates</signalType><moduleIdentifier>WebRTCVideoChat</moduleIdentifier><version_sdk>2.1</version_sdk><callType>1</callType><iceCandidates><iceCandidate><sdpMLineIndex>1</sdpMLineIndex><sdpMid>video</sdpMid><candidate>candidate:49961888 1 udp 41885695 52.4.182.101 61166 typ relay raddr 82.117.252.236 rport 32828 generation 0</candidate></iceCandidate></iceCandidates><opponentsIDs><opponentID>2436266</opponentID><opponentID>2436269</opponentID></opponentsIDs></extraParams></message>
08-10 18:57:28.750  24294-26210/com.quickblox.sample.videochatwebrtcnew D/QBRTCSessionDescription﹕ Was created QBRTCSessionDescription{sessionID='2cfae42b-e2ad-415c-87e9-569f98eeea33', callerID='2436265', opponents=[2436266, 2436269], conferenceType=QBConferenceType{value='1'}, userInfo={}}
08-10 18:57:28.750  24294-26210/com.quickblox.sample.videochatwebrtcnew D/MsgProcessor﹕ Received ice candidate:video 1 candidate:49961888 1
08-10 18:57:28.750  24294-26210/com.quickblox.sample.videochatwebrtcnew D/MsgProcessor﹕ notify candidates received
08-10 18:57:28.750  24294-26210/com.quickblox.sample.videochatwebrtcnew D/LooperExecutor﹕ Request Looper execute.
08-10 18:57:28.750  24294-26210/com.quickblox.sample.videochatwebrtcnew D/LooperExecutor﹕ POST.Run on thread:1058
08-10 18:57:28.750  24294-26211/com.quickblox.sample.videochatwebrtcnew D/RTCClient﹕ IceCandidate message received
08-10 18:57:28.750  24294-26211/com.quickblox.sample.videochatwebrtcnew D/RTCClient.QBRTCSession﹕ process ice candidates
08-10 18:57:28.750  24294-26211/com.quickblox.sample.videochatwebrtcnew D/LooperExecutor﹕ Request Looper execute.
08-10 18:57:28.750  24294-26211/com.quickblox.sample.videochatwebrtcnew D/LooperExecutor﹕ POST.Run on thread:1070
08-10 18:57:28.750  24294-27428/com.quickblox.sample.videochatwebrtcnew D/RTCClient.QBPeerChannel﹕ Set iceCandidates in count of: 1
08-10 18:57:29.242  24294-27462/com.quickblox.sample.videochatwebrtcnew D/QBASDK﹕ QBGLVideoView
08-10 18:57:29.829  24294-27545/com.quickblox.sample.videochatwebrtcnew D/VideoCapturerAndroid﹕ Camera fps: 27. CaptureBuffers: 2.4. Pending buffers: [ 22263176]
08-10 18:57:30.033  24294-27545/com.quickblox.sample.videochatwebrtcnew V/VideoCapturerAndroid﹕ Camera is running out of capture buffers. Pending buffers: [ 22263409 22263342 22263373]
08-10 18:57:30.036  24294-27545/com.quickblox.sample.videochatwebrtcnew V/VideoCapturerAndroid﹕ Frame returned when camera is running out of capture buffers for TS 22263373
08-10 18:57:30.269  24294-27462/com.quickblox.sample.videochatwebrtcnew D/QBASDK﹕ QBGLVideoView
08-10 18:57:30.934  24294-27545/com.quickblox.sample.videochatwebrtcnew V/VideoCapturerAndroid﹕ Camera is running out of capture buffers. Pending buffers: [ 22264310 22264283 22264243]
08-10 18:57:30.936  24294-27545/com.quickblox.sample.videochatwebrtcnew V/VideoCapturerAndroid﹕ Frame returned when camera is running out of capture buffers for TS 22264283
08-10 18:57:31.242  24294-27545/com.quickblox.sample.videochatwebrtcnew V/VideoCapturerAndroid﹕ Camera is running out of capture buffers. Pending buffers: [ 22264618 22264545 22264599]
08-10 18:57:31.243  24294-27545/com.quickblox.sample.videochatwebrtcnew V/VideoCapturerAndroid﹕ Frame returned when camera is running out of capture buffers for TS 22264545
08-10 18:57:31.267  24294-27545/com.quickblox.sample.videochatwebrtcnew V/VideoCapturerAndroid﹕ Camera is running out of capture buffers. Pending buffers: [ 22264618 22264643 22264599]
08-10 18:57:31.273  24294-27462/com.quickblox.sample.videochatwebrtcnew D/QBASDK﹕ QBGLVideoView
08-10 18:57:31.281  24294-27545/com.quickblox.sample.videochatwebrtcnew V/VideoCapturerAndroid﹕ Frame returned when camera is running out of capture buffers for TS 22264618
08-10 18:57:31.838  24294-27545/com.quickblox.sample.videochatwebrtcnew V/VideoCapturerAndroid﹕ Camera is running out of capture buffers. Pending buffers: [ 22265184 22265153 22265214]
08-10 18:57:31.839  24294-27545/com.quickblox.sample.videochatwebrtcnew V/VideoCapturerAndroid﹕ Frame returned when camera is running out of capture buffers for TS 22265153
08-10 18:57:32.305  24294-27462/com.quickblox.sample.videochatwebrtcnew D/QBASDK﹕ QBGLVideoView
08-10 18:57:33.310  24294-27462/com.quickblox.sample.videochatwebrtcnew D/QBASDK﹕ QBGLVideoView
08-10 18:57:34.311  24294-27462/com.quickblox.sample.videochatwebrtcnew D/QBASDK﹕ QBGLVideoView
08-10 18:57:34.829  24294-27545/com.quickblox.sample.videochatwebrtcnew D/VideoCapturerAndroid﹕ Camera fps: 30. CaptureBuffers: 2.5. Pending buffers: []
08-10 18:57:35.312  24294-27462/com.quickblox.sample.videochatwebrtcnew D/QBASDK﹕ QBGLVideoView
08-10 18:57:36.143  24294-27545/com.quickblox.sample.videochatwebrtcnew V/VideoCapturerAndroid﹕ Camera is running out of capture buffers. Pending buffers: [ 22269492 22269454 22269519]
08-10 18:57:36.163  24294-27545/com.quickblox.sample.videochatwebrtcnew V/VideoCapturerAndroid﹕ Frame returned when camera is running out of capture buffers for TS 22269454
08-10 18:57:36.185  24294-27545/com.quickblox.sample.videochatwebrtcnew V/VideoCapturerAndroid﹕ Camera is running out of capture buffers. Pending buffers: [ 22269492 22269561 22269519]
08-10 18:57:36.217  24294-27545/com.quickblox.sample.videochatwebrtcnew V/VideoCapturerAndroid﹕ Frame returned when camera is running out of capture buffers for TS 22269492
08-10 18:57:36.254  24294-27545/com.quickblox.sample.videochatwebrtcnew V/VideoCapturerAndroid﹕ Camera is running out of capture buffers. Pending buffers: [ 22269630 22269561 22269519]
08-10 18:57:36.267  24294-27545/com.quickblox.sample.videochatwebrtcnew V/VideoCapturerAndroid﹕ Frame returned when camera is running out of capture buffers for TS 22269519
08-10 18:57:36.285  24294-27545/com.quickblox.sample.videochatwebrtcnew V/VideoCapturerAndroid﹕ Camera is running out of capture buffers. Pending buffers: [ 22269630 22269561 22269661]
08-10 18:57:36.291  24294-27545/com.quickblox.sample.videochatwebrtcnew V/VideoCapturerAndroid﹕ Frame returned when camera is running out of capture buffers for TS 22269630
08-10 18:57:36.319  24294-27462/com.quickblox.sample.videochatwebrtcnew D/QBASDK﹕ QBGLVideoView
08-10 18:57:36.652  24294-27545/com.quickblox.sample.videochatwebrtcnew V/VideoCapturerAndroid﹕ Camera is running out of capture buffers. Pending buffers: [ 22270028 22269962 22269991]
08-10 18:57:36.685  24294-27545/com.quickblox.sample.videochatwebrtcnew V/VideoCapturerAndroid﹕ Frame returned when camera is running out of capture buffers for TS 22269962
08-10 18:57:37.349  24294-27462/com.quickblox.sample.videochatwebrtcnew D/QBASDK﹕ QBGLVideoView
08-10 18:57:38.384  24294-27462/com.quickblox.sample.videochatwebrtcnew D/QBASDK﹕ QBGLVideoView
08-10 18:57:39.408  24294-27462/com.quickblox.sample.videochatwebrtcnew D/QBASDK﹕ QBGLVideoView
08-10 18:57:39.829  24294-27545/com.quickblox.sample.videochatwebrtcnew D/VideoCapturerAndroid﹕ Camera fps: 29. CaptureBuffers: 2.6. Pending buffers: [ 22273192]
08-10 18:57:40.418  24294-27462/com.quickblox.sample.videochatwebrtcnew D/QBASDK﹕ QBGLVideoView
08-10 18:57:41.419  24294-27462/com.quickblox.sample.videochatwebrtcnew D/QBASDK﹕ QBGLVideoView
08-10 18:57:42.420  24294-27462/com.quickblox.sample.videochatwebrtcnew D/QBASDK﹕ QBGLVideoView
08-10 18:57:43.423  24294-27462/com.quickblox.sample.videochatwebrtcnew D/QBASDK﹕ QBGLVideoView
08-10 18:57:43.530  24294-27545/com.quickblox.sample.videochatwebrtcnew V/VideoCapturerAndroid﹕ Camera is running out of capture buffers. Pending buffers: [ 22276837 22276871 22276906]
08-10 18:57:43.531  24294-27545/com.quickblox.sample.videochatwebrtcnew V/VideoCapturerAndroid﹕ Frame returned when camera is running out of capture buffers for TS 22276871
08-10 18:57:44.426  24294-27462/com.quickblox.sample.videochatwebrtcnew D/QBASDK﹕ QBGLVideoView
08-10 18:57:44.829  24294-27545/com.quickblox.sample.videochatwebrtcnew D/VideoCapturerAndroid﹕ Camera fps: 30. CaptureBuffers: 2.8. Pending buffers: [ 22278172 22278201]
08-10 18:57:45.434  24294-27462/com.quickblox.sample.videochatwebrtcnew D/QBASDK﹕ QBGLVideoView
08-10 18:57:46.436  24294-27462/com.quickblox.sample.videochatwebrtcnew D/QBASDK﹕ QBGLVideoView
08-10 18:57:47.436  24294-27462/com.quickblox.sample.videochatwebrtcnew D/QBASDK﹕ QBGLVideoView
08-10 18:57:48.438  24294-27462/com.quickblox.sample.videochatwebrtcnew D/QBASDK﹕ QBGLVideoView
08-10 18:57:49.439  24294-27462/com.quickblox.sample.videochatwebrtcnew D/QBASDK﹕ QBGLVideoView
08-10 18:57:49.473  24294-27545/com.quickblox.sample.videochatwebrtcnew V/VideoCapturerAndroid﹕ Camera is running out of capture buffers. Pending buffers: [ 22282783 22282849 22282811]
08-10 18:57:49.479  24294-27545/com.quickblox.sample.videochatwebrtcnew V/VideoCapturerAndroid﹕ Frame returned when camera is running out of capture buffers for TS 22282811
08-10 18:57:49.830  24294-27545/com.quickblox.sample.videochatwebrtcnew D/VideoCapturerAndroid﹕ Camera fps: 30. CaptureBuffers: 2.7. Pending buffers: []
08-10 18:57:50.477  24294-27462/com.quickblox.sample.videochatwebrtcnew D/QBASDK﹕ QBGLVideoView
08-10 18:57:51.479  24294-27462/com.quickblox.sample.videochatwebrtcnew D/QBASDK﹕ QBGLVideoView
08-10 18:57:52.506  24294-27462/com.quickblox.sample.videochatwebrtcnew D/QBASDK﹕ QBGLVideoView
08-10 18:57:53.507  24294-27462/com.quickblox.sample.videochatwebrtcnew D/QBASDK﹕ QBGLVideoView
08-10 18:57:54.509  24294-27462/com.quickblox.sample.videochatwebrtcnew D/QBASDK﹕ QBGLVideoView
08-10 18:57:54.830  24294-27545/com.quickblox.sample.videochatwebrtcnew D/VideoCapturerAndroid﹕ Camera fps: 30. CaptureBuffers: 2.9. Pending buffers: [ 22288189]
08-10 18:57:54.910  24294-27545/com.quickblox.sample.videochatwebrtcnew V/VideoCapturerAndroid﹕ Camera is running out of capture buffers. Pending buffers: [ 22288228 22288258 22288287]
08-10 18:57:54.912  24294-27545/com.quickblox.sample.videochatwebrtcnew V/VideoCapturerAndroid﹕ Frame returned when camera is running out of capture buffers for TS 22288228
08-10 18:57:55.283  24294-27545/com.quickblox.sample.videochatwebrtcnew V/VideoCapturerAndroid﹕ Camera is running out of capture buffers. Pending buffers: [ 22288659 22288590 22288622]
08-10 18:57:55.289  24294-27545/com.quickblox.sample.videochatwebrtcnew V/VideoCapturerAndroid﹕ Frame returned when camera is running out of capture buffers for TS 22288622
08-10 18:57:55.513  24294-27462/com.quickblox.sample.videochatwebrtcnew D/QBASDK﹕ QBGLVideoView
08-10 18:57:56.514  24294-27462/com.quickblox.sample.videochatwebrtcnew D/QBASDK﹕ QBGLVideoView
08-10 18:57:57.551  24294-27462/com.quickblox.sample.videochatwebrtcnew D/QBASDK﹕ QBGLVideoView
08-10 18:57:58.557  24294-27462/com.quickblox.sample.videochatwebrtcnew D/QBASDK﹕ QBGLVideoView
08-10 18:57:59.289  24294-27545/com.quickblox.sample.videochatwebrtcnew V/VideoCapturerAndroid﹕ Camera is running out of capture buffers. Pending buffers: [ 22292665 22292629 22292610]
08-10 18:57:59.299  24294-27545/com.quickblox.sample.videochatwebrtcnew V/VideoCapturerAndroid﹕ Frame returned when camera is running out of capture buffers for TS 22292610
08-10 18:57:59.317  24294-27545/com.quickblox.sample.videochatwebrtcnew V/VideoCapturerAndroid﹕ Camera is running out of capture buffers. Pending buffers: [ 22292665 22292629 22292693]
08-10 18:57:59.326  24294-27545/com.quickblox.sample.videochatwebrtcnew V/VideoCapturerAndroid﹕ Frame returned when camera is running out of capture buffers for TS 22292629
08-10 18:57:59.389  24294-27545/com.quickblox.sample.videochatwebrtcnew V/VideoCapturerAndroid﹕ Camera is running out of capture buffers. Pending buffers: [ 22292763 22292734 22292693]
08-10 18:57:59.396  24294-27545/com.quickblox.sample.videochatwebrtcnew V/VideoCapturerAndroid﹕ Frame returned when camera is running out of capture buffers for TS 22292693
08-10 18:57:59.425  24294-27545/com.quickblox.sample.videochatwebrtcnew V/VideoCapturerAndroid﹕ Camera is running out of capture buffers. Pending buffers: [ 22292763 22292734 22292801]
08-10 18:57:59.434  24294-27545/com.quickblox.sample.videochatwebrtcnew V/VideoCapturerAndroid﹕ Frame returned when camera is running out of capture buffers for TS 22292734
08-10 18:57:59.585  24294-27462/com.quickblox.sample.videochatwebrtcnew D/QBASDK﹕ QBGLVideoView
08-10 18:57:59.830  24294-27545/com.quickblox.sample.videochatwebrtcnew D/VideoCapturerAndroid﹕ Camera fps: 30. CaptureBuffers: 2.6. Pending